// Jest Snapshot v1, https://goo.gl/fbAQLP

exports[`The Profile recipe view selector renders 1`] = `
<div>
  <div
    class="flex rounded-md w-[200px] justify-between mt-3"
    role="group"
  >
    <button
      class="text-blue-600 bg-gray-100 py-1.5 px-3 hover:text-blue-600 hover:scale-105 hover:shadow text-center rounded-md h-8 text-sm flex items-center gap-1 lg:gap-2"
      data-headlessui-state=""
      type="button"
    >
      Created
    </button>
    <button
      class="py-1.5 px-3 hover:text-blue-600 hover:scale-105 hover:shadow text-center rounded-md h-8 text-sm flex items-center gap-1 lg:gap-2"
      data-headlessui-state=""
      type="button"
    >
      Favorites
    </button>
  </div>
</div>
`;
