// Jest Snapshot v1, https://goo.gl/fbAQLP

exports[`The Landing section renders 1`] = `
<div>
  <div
    class="text-center"
  >
    <h1
      class="text-4xl font-bold tracking-tight text-gray-900 sm:text-6xl"
    >
      Generate Delicious Recipes with Your Ingredients
    </h1>
    <p
      class="mt-6 text-lg leading-8 text-gray-600"
    >
      Simply input your available ingredients, select dietary preferences, and let our AI create unique and delicious recipes just for you.
    </p>
    <div
      class="mt-10 flex items-center justify-center gap-x-6"
    >
      <button
        class="rounded-md bg-indigo-600 px-3.5 py-2.5 text-sm font-semibold text-white shadow-sm hover:bg-indigo-500 focus-visible:outline focus-visible:outline-2 focus-visible:outline-offset-2 focus-visible:outline-indigo-600"
      >
        Get started
      </button>
    </div>
  </div>
</div>
`;
