// Jest Snapshot v1, https://goo.gl/fbAQLP

exports[`The Product section renders 1`] = `
<div>
  <div
    class="animate-fadeInUp mx-auto flex max-w-4xl flex-col items-center gap-10 py-10 md:flex-row md:py-20"
  >
    <div
      class="flex flex-col items-center text-center md:items-start md:w-1/2 md:text-left space-y-6"
    >
      <h1
        class="text-4xl font-semibold text-gray-900 dark:text-white"
      >
        Our Product
      </h1>
      <p
        class="text-lg leading-8 text-gray-600"
      >
        Learn how Smart Recipe Generator makes meal planning effortless.
      </p>
      <ul
        class="space-y-4 text-gray-500 list-inside dark:text-gray-400 text-left"
      >
        <li
          class="flex items-start text-lg"
        >
          <svg
            aria-hidden="true"
            class="mr-2 h-6 w-6 text-brand-500"
            data-slot="icon"
            fill="currentColor"
            viewBox="0 0 24 24"
            xmlns="http://www.w3.org/2000/svg"
          >
            <path
              clip-rule="evenodd"
              d="M2.25 12c0-5.385 4.365-9.75 9.75-9.75s9.75 4.365 9.75 9.75-4.365 9.75-9.75 9.75S2.25 17.385 2.25 12Zm13.36-1.814a.75.75 0 1 0-1.22-.872l-3.236 4.53L9.53 12.22a.75.75 0 0 0-1.06 1.06l2.25 2.25a.75.75 0 0 0 1.14-.094l3.75-5.25Z"
              fill-rule="evenodd"
            />
          </svg>
          AI-powered recipe generation using your available ingredients.
        </li>
        <li
          class="flex items-start text-lg"
        >
          <svg
            aria-hidden="true"
            class="mr-2 h-6 w-6 text-brand-500"
            data-slot="icon"
            fill="currentColor"
            viewBox="0 0 24 24"
            xmlns="http://www.w3.org/2000/svg"
          >
            <path
              clip-rule="evenodd"
              d="M2.25 12c0-5.385 4.365-9.75 9.75-9.75s9.75 4.365 9.75 9.75-4.365 9.75-9.75 9.75S2.25 17.385 2.25 12Zm13.36-1.814a.75.75 0 1 0-1.22-.872l-3.236 4.53L9.53 12.22a.75.75 0 0 0-1.06 1.06l2.25 2.25a.75.75 0 0 0 1.14-.094l3.75-5.25Z"
              fill-rule="evenodd"
            />
          </svg>
          Customized recipes based on dietary preferences and restrictions.
        </li>
        <li
          class="flex items-start text-lg"
        >
          <svg
            aria-hidden="true"
            class="mr-2 h-6 w-6 text-brand-500"
            data-slot="icon"
            fill="currentColor"
            viewBox="0 0 24 24"
            xmlns="http://www.w3.org/2000/svg"
          >
            <path
              clip-rule="evenodd"
              d="M2.25 12c0-5.385 4.365-9.75 9.75-9.75s9.75 4.365 9.75 9.75-4.365 9.75-9.75 9.75S2.25 17.385 2.25 12Zm13.36-1.814a.75.75 0 1 0-1.22-.872l-3.236 4.53L9.53 12.22a.75.75 0 0 0-1.06 1.06l2.25 2.25a.75.75 0 0 0 1.14-.094l3.75-5.25Z"
              fill-rule="evenodd"
            />
          </svg>
          User-friendly interface to easily add ingredients and generate recipes.
        </li>
        <li
          class="flex items-start text-lg"
        >
          <svg
            aria-hidden="true"
            class="mr-2 h-6 w-6 text-brand-500"
            data-slot="icon"
            fill="currentColor"
            viewBox="0 0 24 24"
            xmlns="http://www.w3.org/2000/svg"
          >
            <path
              clip-rule="evenodd"
              d="M2.25 12c0-5.385 4.365-9.75 9.75-9.75s9.75 4.365 9.75 9.75-4.365 9.75-9.75 9.75S2.25 17.385 2.25 12Zm13.36-1.814a.75.75 0 1 0-1.22-.872l-3.236 4.53L9.53 12.22a.75.75 0 0 0-1.06 1.06l2.25 2.25a.75.75 0 0 0 1.14-.094l3.75-5.25Z"
              fill-rule="evenodd"
            />
          </svg>
          Option to save, rate, and share your favorite recipes.
        </li>
      </ul>
      <div
        class="flex gap-4"
      >
        <button
          class="w-fit rounded-md bg-brand-600 px-5 py-3 text-base font-semibold text-white shadow-md transition hover:bg-brand-500 focus-visible:outline focus-visible:outline-2 focus-visible:outline-offset-2 focus-visible:outline-brand-600"
        >
          Get started
        </button>
        <button
          class="w-fit rounded-md bg-gray-200 px-5 py-3 text-base font-semibold text-gray-900 transition hover:bg-gray-300"
        >
          Back to Home
        </button>
      </div>
    </div>
    <div
      class="md:w-1/2"
    >
      <img
        alt="Smart Recipe Generator demo"
        class="rounded-xl shadow-xl"
        data-nimg="1"
        decoding="async"
        height="400"
        loading="lazy"
        src="/_next/image?url=%2Fdemo.gif&w=1200&q=75"
        srcset="/_next/image?url=%2Fdemo.gif&w=640&q=75 1x, /_next/image?url=%2Fdemo.gif&w=1200&q=75 2x"
        style="color: transparent;"
        width="600"
      />
    </div>
  </div>
</div>
`;
